src/components/site/SmoothScroll.tsx(13,13): error TS2322: Type 'React.ReactNode' is not assignable to type 'import("C:/Users/Juan/Documents/ANTIGRAVITY/NODDO/node_modules/@studio-freight/react-lenis/node_modules/@types/react/index").ReactNode'.
  Type 'bigint' is not assignable to type 'ReactNode'.
